SpYNNakerNeuronGraphNetworkSpecificationReport skipped as cfg Reports:write_network_graph is False
Network Specification report took 0:00:00.001370 
Splitter reset took 0:00:00.000039 
Spynnaker splitter selector took 0:00:00.000986 
DelaySupportAdder took 0:00:00.002134 
SpynnakerSplitterPartitioner took 0:00:00.007603 
Machine generator took 0:00:00.498439 
Json machine skipped as cfg Reports:write_json_machine is False
Board chip report took 0:00:00.004067 
Command Sender Adder took 0:00:00.000905 
Split Live Gather Vertices took 0:00:00.000022 
Insert chip power monitors skipped as cfg Reports:write_energy_report is False
Insert extra monitor vertices took 0:00:00.000037 
Partitioner report took 0:00:00.006650 
Local TDMA builder took 0:00:00.000298 
Application Placer took 0:00:00.006666 
Placements wth application graph report took 0:00:00.013020 
Json placements skipped as cfg Reports:write_json_placements is False
System multicast routing generator took 0:00:00.005243 
Fixed route router took 0:00:00.008081 
Application Router took 0:00:00.005374 
Basic tag allocator took 0:00:00.005942 
Tag allocator report took 0:00:00.006444 
Zoned routing info allocator took 0:00:00.006433 
Router info report took 0:00:00.006101 
Merged routing table generator took 0:00:00.004581 
Uncompressed routing table report took 0:00:00.041417 
Router report skipped as cfg Reports:write_router_reports is False
Router summary report skipped as cfg Reports:write_router_summary_report is False
Json routing tables skipped as cfg Reports:write_json_routing_tables is False
Locate executable start type took 0:00:00.001639 
Buffer manager creator took 0:00:00.000209 
Write Neo Metadata took 0:00:01.812611 
Record vertex labels to database took 0:00:00.083939 
Routing setup took 0:00:00.005663 
Graph binary gatherer took 0:00:00.005276 
Pair on chip router compression skipped as Tables already small enough
SDRAM outgoing partition allocator took 0:00:00.004412 
Graph data specification writer took 0:00:01.046529 
Control Sync took 0:00:00.001925 
Load fixed routes took 0:00:00.006570 
Execute system data specification took 0:00:00.282705 
Load executable system Images took 0:00:00.117220 
Tags Loader took 0:00:00.012106 
Host data specification took 0:00:00.494903 
Neuron expander took 0:00:00.579833 
Synapse expander took 0:00:00.606618 
Finish connection holders took 0:00:00.001669 
Routing table loader took 0:00:00.003713 
Bitfield compressor report skipped as cfg Reports:write_bit_field_compressor_report is False
Tags from machine report took 0:00:00.010386 
Memory report skipped as cfg Reports:write_memory_map_report is False
Memory report skipped as cfg Reports:write_memory_map_report is False
Compressor report took 0:00:00.088564 
Fixed route report took 0:00:00.015822 
Load executable app images took 0:00:00.256326 
Sdram usage per chip report took 0:00:00.010456 
Drift report skipped as cfg Reports:write_drift_report_start is False
Create database interface took 0:00:04.091776 
Create notification protocol took 0:00:00.000927 
Runtime Update took 0:00:00.023320 
Application runner exited with SpiNNManCoresNotInStateException after 0:00:01.915721
