SpYNNakerNeuronGraphNetworkSpecificationReport skipped as cfg Reports:write_network_graph is False
Network Specification report took 0:00:00.003417 
Splitter reset took 0:00:00.000113 
Spynnaker splitter selector took 0:00:00.002715 
DelaySupportAdder took 0:00:00.003122 
SpynnakerSplitterPartitioner took 0:00:00.009724 
Machine generator took 0:00:19.362326 
Json machine skipped as cfg Reports:write_json_machine is False
Board chip report took 0:00:00.005074 
Command Sender Adder took 0:00:00.002327 
Split Live Gather Vertices took 0:00:00.000073 
Insert chip power monitors skipped as cfg Reports:write_energy_report is False
Insert extra monitor vertices took 0:00:00.000077 
Partitioner report took 0:00:00.005680 
Local TDMA builder took 0:00:00.000448 
Application Placer took 0:00:00.005054 
Placements wth application graph report took 0:00:00.012707 
Json placements skipped as cfg Reports:write_json_placements is False
System multicast routing generator took 0:00:00.002666 
Fixed route router took 0:00:00.002177 
Application Router took 0:00:00.003258 
Basic tag allocator took 0:00:00.003926 
Tag allocator report took 0:00:00.004786 
Zoned routing info allocator took 0:00:00.004327 
Router info report took 0:00:00.005137 
Merged routing table generator took 0:00:00.002149 
Uncompressed routing table report took 0:00:00.036941 
Router report skipped as cfg Reports:write_router_reports is False
Router summary report skipped as cfg Reports:write_router_summary_report is False
Json routing tables skipped as cfg Reports:write_json_routing_tables is False
Locate executable start type took 0:00:00.000488 
Buffer manager creator took 0:00:00.000177 
Write Neo Metadata took 0:00:01.280558 
Record vertex labels to database took 0:00:00.087280 
Routing setup took 0:00:00.007082 
Graph binary gatherer took 0:00:00.007290 
Pair on chip router compression skipped as Tables already small enough
SDRAM outgoing partition allocator took 0:00:00.002255 
Graph data specification writer took 0:00:01.001534 
Control Sync took 0:00:00.001102 
Load fixed routes took 0:00:00.006499 
Execute system data specification took 0:00:00.431878 
Load executable system Images took 0:00:00.125065 
Tags Loader took 0:00:00.017180 
Host data specification took 0:00:00.402676 
Neuron expander took 0:00:00.592549 
Synapse expander took 0:00:00.620110 
Finish connection holders took 0:00:00.002163 
Routing table loader took 0:00:00.005158 
Bitfield compressor report skipped as cfg Reports:write_bit_field_compressor_report is False
Tags from machine report took 0:00:00.014269 
Memory report skipped as cfg Reports:write_memory_map_report is False
Memory report skipped as cfg Reports:write_memory_map_report is False
Compressor report took 0:00:00.083603 
Fixed route report took 0:00:00.010203 
Load executable app images took 0:00:00.269076 
Sdram usage per chip report took 0:00:00.014454 
Drift report skipped as cfg Reports:write_drift_report_start is False
Create database interface took 0:00:03.053307 
Create notification protocol took 0:00:00.002069 
Runtime Update took 0:00:00.035265 
Application runner took 0:00:02.059025 
Extract IO buff skipped as cfg Reports:extract_iobuf is False
Buffer extractor took 0:00:00.344724 
Clear IO buffer took 0:00:00.004049 
Graph provenance gatherer took 0:00:00.177800 
Placements provenance gatherer took 0:00:04.683007 
Router provenance gatherer took 0:00:04.081542 
Profile data gatherer took 0:00:00.078865 
Energy report skipped as cfg Reports:write_energy_report is False
Redundant packet count report took 0:00:00.138675 
Drift report skipped as cfg Reports:write_drift_report_end is False
Control Sync took 0:00:00.001013 
