SpYNNakerNeuronGraphNetworkSpecificationReport skipped as cfg Reports:write_network_graph is False
Network Specification report took 0:00:00.003266 
Splitter reset took 0:00:00.000105 
Spynnaker splitter selector took 0:00:00.002952 
DelaySupportAdder took 0:00:00.003149 
SpynnakerSplitterPartitioner took 0:00:00.009621 
Machine generator took 0:00:00.547515 
Json machine skipped as cfg Reports:write_json_machine is False
Board chip report took 0:00:00.005005 
Command Sender Adder took 0:00:00.002529 
Split Live Gather Vertices took 0:00:00.000042 
Insert chip power monitors skipped as cfg Reports:write_energy_report is False
Insert extra monitor vertices took 0:00:00.000079 
Partitioner report took 0:00:00.005166 
Local TDMA builder took 0:00:00.000377 
Application Placer took 0:00:00.005772 
Placements wth application graph report took 0:00:00.012995 
Json placements skipped as cfg Reports:write_json_placements is False
System multicast routing generator took 0:00:00.002809 
Fixed route router took 0:00:00.002396 
Application Router took 0:00:00.003240 
Basic tag allocator took 0:00:00.004002 
Tag allocator report took 0:00:00.004943 
Zoned routing info allocator took 0:00:00.004190 
Router info report took 0:00:00.005088 
Merged routing table generator took 0:00:00.002109 
Uncompressed routing table report took 0:00:00.036936 
Router report skipped as cfg Reports:write_router_reports is False
Router summary report skipped as cfg Reports:write_router_summary_report is False
Json routing tables skipped as cfg Reports:write_json_routing_tables is False
Locate executable start type took 0:00:00.000359 
Buffer manager creator took 0:00:00.000262 
Write Neo Metadata took 0:00:01.278507 
Record vertex labels to database took 0:00:00.087162 
