SpYNNakerNeuronGraphNetworkSpecificationReport skipped as cfg Reports:write_network_graph is False
Network Specification report took 0:00:00.003978 
Splitter reset took 0:00:00.000045 
Spynnaker splitter selector took 0:00:00.002692 
DelaySupportAdder took 0:00:00.003214 
SpynnakerSplitterPartitioner took 0:00:00.009460 
Machine generator took 0:00:01.126638 
Json machine skipped as cfg Reports:write_json_machine is False
Board chip report took 0:00:00.005089 
Command Sender Adder took 0:00:00.002280 
Split Live Gather Vertices took 0:00:00.000040 
Insert chip power monitors skipped as cfg Reports:write_energy_report is False
Insert extra monitor vertices took 0:00:00.000072 
Partitioner report took 0:00:00.005373 
Local TDMA builder took 0:00:00.000420 
Application Placer took 0:00:00.004980 
Placements wth application graph report took 0:00:00.012768 
Json placements skipped as cfg Reports:write_json_placements is False
System multicast routing generator took 0:00:00.002728 
Fixed route router took 0:00:00.002164 
Application Router took 0:00:00.003192 
Basic tag allocator took 0:00:00.004140 
Tag allocator report took 0:00:00.004730 
Zoned routing info allocator took 0:00:00.004120 
Router info report took 0:00:00.005062 
Merged routing table generator took 0:00:00.001961 
Uncompressed routing table report took 0:00:00.038676 
Router report skipped as cfg Reports:write_router_reports is False
Router summary report skipped as cfg Reports:write_router_summary_report is False
Json routing tables skipped as cfg Reports:write_json_routing_tables is False
Locate executable start type took 0:00:00.000438 
Buffer manager creator took 0:00:00.000361 
Write Neo Metadata took 0:00:01.333449 
Record vertex labels to database took 0:00:00.090431 
Routing setup took 0:00:00.006889 
Graph binary gatherer took 0:00:00.007531 
Pair on chip router compression skipped as Tables already small enough
SDRAM outgoing partition allocator took 0:00:00.002268 
Graph data specification writer took 0:00:01.028134 
Control Sync took 0:00:00.001038 
Load fixed routes took 0:00:00.006073 
Execute system data specification took 0:00:00.584954 
Load executable system Images took 0:00:00.124855 
Tags Loader took 0:00:00.016669 
Host data specification took 0:00:00.231957 
Neuron expander took 0:00:00.591580 
Synapse expander took 0:00:00.613123 
Finish connection holders took 0:00:00.002091 
Routing table loader took 0:00:00.004586 
Bitfield compressor report skipped as cfg Reports:write_bit_field_compressor_report is False
Tags from machine report took 0:00:00.014840 
Memory report skipped as cfg Reports:write_memory_map_report is False
Memory report skipped as cfg Reports:write_memory_map_report is False
Compressor report took 0:00:00.092384 
Fixed route report took 0:00:00.010447 
Load executable app images took 0:00:00.275481 
Sdram usage per chip report took 0:00:00.014810 
Drift report skipped as cfg Reports:write_drift_report_start is False
Create database interface took 0:00:03.068475 
Create notification protocol took 0:00:00.002242 
Runtime Update took 0:00:00.028295 
Application runner took 0:00:01.740596 
Extract IO buff skipped as cfg Reports:extract_iobuf is False
Buffer extractor took 0:00:00.350540 
Clear IO buffer took 0:00:00.003969 
Graph provenance gatherer took 0:00:00.177673 
Placements provenance gatherer took 0:00:04.835704 
Router provenance gatherer took 0:00:04.308455 
Profile data gatherer took 0:00:00.078448 
Energy report skipped as cfg Reports:write_energy_report is False
Redundant packet count report took 0:00:00.143709 
Drift report skipped as cfg Reports:write_drift_report_end is False
Control Sync took 0:00:00.001160 
