SpYNNakerNeuronGraphNetworkSpecificationReport skipped as cfg Reports:write_network_graph is False
Network Specification report took 0:00:00.003496 
Splitter reset took 0:00:00.000046 
Spynnaker splitter selector took 0:00:00.002593 
DelaySupportAdder took 0:00:00.003136 
SpynnakerSplitterPartitioner took 0:00:00.009506 
Machine generator took 0:00:00.561093 
Json machine skipped as cfg Reports:write_json_machine is False
Board chip report took 0:00:00.005071 
Command Sender Adder took 0:00:00.002336 
Split Live Gather Vertices took 0:00:00.000045 
Insert chip power monitors skipped as cfg Reports:write_energy_report is False
Insert extra monitor vertices took 0:00:00.000077 
Partitioner report took 0:00:00.012315 
Local TDMA builder took 0:00:00.000455 
Application Placer took 0:00:00.005163 
Placements wth application graph report took 0:00:00.013071 
Json placements skipped as cfg Reports:write_json_placements is False
System multicast routing generator took 0:00:00.002891 
Fixed route router took 0:00:00.002325 
Application Router took 0:00:00.003325 
Basic tag allocator took 0:00:00.003965 
Tag allocator report took 0:00:00.004682 
Zoned routing info allocator took 0:00:00.004455 
Router info report took 0:00:00.004884 
Merged routing table generator took 0:00:00.002102 
Uncompressed routing table report took 0:00:00.039422 
Router report skipped as cfg Reports:write_router_reports is False
Router summary report skipped as cfg Reports:write_router_summary_report is False
Json routing tables skipped as cfg Reports:write_json_routing_tables is False
Locate executable start type took 0:00:00.000430 
Buffer manager creator took 0:00:00.000230 
Write Neo Metadata took 0:00:01.342249 
Record vertex labels to database took 0:00:00.088723 
Routing setup took 0:00:00.007163 
Graph binary gatherer took 0:00:00.007162 
Pair on chip router compression skipped as Tables already small enough
SDRAM outgoing partition allocator took 0:00:00.002357 
Graph data specification writer took 0:00:01.036117 
Control Sync took 0:00:00.001133 
Load fixed routes took 0:00:00.006223 
Execute system data specification took 0:00:00.278314 
Load executable system Images took 0:00:00.122925 
Tags Loader took 0:00:00.016377 
Host data specification took 0:00:00.264441 
Neuron expander took 0:00:00.591248 
Synapse expander took 0:00:00.612446 
Finish connection holders took 0:00:00.002092 
Routing table loader took 0:00:00.011803 
Bitfield compressor report skipped as cfg Reports:write_bit_field_compressor_report is False
Tags from machine report took 0:00:00.014436 
Memory report skipped as cfg Reports:write_memory_map_report is False
Memory report skipped as cfg Reports:write_memory_map_report is False
Compressor report took 0:00:00.089385 
Fixed route report took 0:00:00.010355 
Load executable app images took 0:00:00.273757 
Sdram usage per chip report took 0:00:00.014590 
Drift report skipped as cfg Reports:write_drift_report_start is False
Create database interface took 0:00:03.584808 
Create notification protocol took 0:00:00.001917 
Runtime Update took 0:00:00.027836 
Application runner took 0:00:01.774997 
Extract IO buff skipped as cfg Reports:extract_iobuf is False
Buffer extractor took 0:00:00.572068 
Clear IO buffer took 0:00:00.003745 
Graph provenance gatherer took 0:00:00.179119 
Placements provenance gatherer took 0:00:04.896539 
Router provenance gatherer took 0:00:04.361909 
Profile data gatherer took 0:00:00.076718 
Energy report skipped as cfg Reports:write_energy_report is False
Redundant packet count report took 0:00:00.150339 
Drift report skipped as cfg Reports:write_drift_report_end is False
Control Sync took 0:00:00.001072 
